art: 189 monsters across 6 workers
[1/189] 0x05 4x6 384B
[2/189] 0x00 4x6 384B
[3/189] 0x04 4x6 384B
[4/189] 0x03 4x6 384B
[5/189] 0x01 4x6 384B
[6/189] 0x02 4x6 384B
[7/189] 0x0b 4x6 384B
[8/189] 0x0a 4x6 384B
[9/189] 0x06 6x6 576B
[10/189] 0x09 4x6 384B
[11/189] 0x07 4x6 384B
[12/189] 0x08 4x6 384B
[13/189] 0x11 4x6 384B
[14/189] 0x10 4x6 384B
[15/189] 0x0c 4x6 384B
[16/189] 0x0f 4x6 384B
[17/189] 0x0d 4x6 384B
[18/189] 0x0e 4x6 384B
[19/189] 0x17 6x6 576B
[20/189] 0x12 6x6 576B
[21/189] 0x13 6x6 576B
[22/189] 0x16 6x6 576B
[23/189] 0x15 4x6 384B
[24/189] 0x14 4x6 384B
[25/189] 0x18 4x6 384B
[26/189] 0x19 4x6 384B
[27/189] 0x1d 4x6 384B
[28/189] 0x1c 4x6 384B
[29/189] 0x1b 4x6 384B
[30/189] 0x1a 4x6 384B
[31/189] 0x1f 4x6 384B
[32/189] 0x1e 4x6 384B
[33/189] 0x23 4x6 384B
[34/189] 0x20 6x6 576B
[35/189] 0x22 6x6 576B
[36/189] 0x21 4x6 384B
[37/189] 0x28 4x6 384B
[38/189] 0x25 6x6 576B
[39/189] 0x24 6x6 576B
[40/189] 0x29 4x6 384B
[41/189] 0x26 4x6 384B
[42/189] 0x27 4x6 384B
[43/189] 0x2e 4x6 384B
[44/189] 0x2b 4x6 384B
[45/189] 0x2a 6x6 576B
[46/189] 0x2c 4x6 384B
[47/189] 0x2f 4x6 384B
[48/189] 0x2d 6x6 576B
[49/189] 0x31 4x6 384B
[50/189] 0x34 4x6 384B
[51/189] 0x30 4x6 384B
[52/189] 0x32 4x6 384B
[53/189] 0x36 4x6 384B
[54/189] 0x33 4x6 384B
[55/189] 0x38 6x6 576B
[56/189] 0x3b 4x6 384B
[57/189] 0x37 4x6 384B
[58/189] 0x39 4x6 384B
[59/189] 0x3c 4x6 384B
[60/189] 0x3a 4x6 384B
[61/189] 0x3e 6x6 576B
[62/189] 0x41 4x6 384B
[63/189] 0x3d 4x6 384B
[64/189] 0x3f 6x6 576B
[65/189] 0x40 6x6 576B
[66/189] 0x42 4x6 384B
[67/189] 0x47 6x6 576B
[68/189] 0x44 6x6 576B
[69/189] 0x43 4x6 384B
[70/189] 0x46 18x12 3456B
[71/189] 0x45 6x6 576B
[72/189] 0x48 6x6 576B
[73/189] 0x4d 6x6 576B
[74/189] 0x4a 6x6 576B
[75/189] 0x49 6x6 576B
[76/189] 0x4c 4x6 384B
[77/189] 0x4b 4x6 384B
[78/189] 0x4e 6x6 576B
[79/189] 0x53 6x6 576B
[80/189] 0x50 4x6 384B
[81/189] 0x51 4x6 384B
[82/189] 0x52 6x6 576B
[83/189] 0x4f 6x6 576B
[84/189] 0x59 4x6 384B
[85/189] 0x54 4x6 384B
[86/189] 0x56 18x12 3456B
[87/189] 0x57 6x6 576B
[88/189] 0x58 4x6 384B
[89/189] 0x5f 4x6 384B
[90/189] 0x55 4x6 384B
[91/189] 0x5a 4x6 384B
[92/189] 0x5c 4x6 384B
[93/189] 0x5d 4x6 384B
[94/189] 0x5e 6x6 576B
[95/189] 0x5b 6x6 576B
[96/189] 0x67 6x6 576B
[97/189] 0x60 4x6 384B
[98/189] 0x62 4x6 384B
[99/189] 0x64 4x6 384B
[100/189] 0x65 4x6 384B
[101/189] 0x61 6x6 576B
[102/189] 0x6d 6x6 576B
[103/189] 0x68 18x12 3456B
[104/189] 0x6a 6x6 576B
[105/189] 0x6b 6x6 576B
[106/189] 0x6c 6x6 576B
[107/189] 0x69 6x6 576B
[108/189] 0x73 6x6 576B
[109/189] 0x6e 4x6 384B
[110/189] 0x70 6x6 576B
[111/189] 0x71 6x6 576B
[112/189] 0x72 6x6 576B
[113/189] 0x79 6x6 576B
[114/189] 0x6f 4x6 384B
[115/189] 0x74 6x6 576B
[116/189] 0x76 6x6 576B
[117/189] 0x77 6x6 576B
[118/189] 0x78 6x6 576B
[119/189] 0x75 18x12 3456B
[120/189] 0x7f 6x6 576B
[121/189] 0x7a 12x6 1152B
[122/189] 0x7c 18x12 3456B
[123/189] 0x7d 6x6 576B
[124/189] 0x7e 6x6 576B
[125/189] 0x85 6x6 576B
[126/189] 0x7b 6x6 576B
[127/189] 0x80 6x6 576B
[128/189] 0x82 6x6 576B
[129/189] 0x83 6x6 576B
[130/189] 0x84 6x6 576B
[131/189] 0x8b 6x6 576B
[132/189] 0x81 6x6 576B
[133/189] 0x86 6x6 576B
[134/189] 0x88 18x12 3456B
[135/189] 0x89 6x6 576B
[136/189] 0x8a 6x6 576B
[137/189] 0x92 6x6 576B
[138/189] 0x87 6x6 576B
[139/189] 0x8f 6x6 576B
[140/189] 0x8c 6x6 576B
[141/189] 0x91 6x6 576B
[142/189] 0x90 6x6 576B
[143/189] 0x98 6x6 576B
[144/189] 0x8e 12x6 1152B
[145/189] 0x95 6x6 576B
[146/189] 0x93 6x6 576B
[147/189] 0x97 6x6 576B
[148/189] 0x96 6x6 576B
[149/189] 0x9e 6x6 576B
[150/189] 0x94 6x6 576B
[151/189] 0x9b 6x6 576B
[152/189] 0x99 6x6 576B
[153/189] 0x9d 6x6 576B
[154/189] 0x9c 18x12 3456B
[155/189] 0xa4 6x6 576B
[156/189] 0x9a 4x6 384B
[157/189] 0xa1 6x6 576B
[158/189] 0x9f 4x6 384B
[159/189] 0xa3 4x6 384B
[160/189] 0xa2 6x6 576B
[161/189] 0xaa 18x12 3456B
[162/189] 0xa0 6x6 576B
[163/189] 0xa7 6x6 576B
[164/189] 0xa5 4x6 384B
[165/189] 0xa9 6x6 576B
[166/189] 0xa8 6x6 576B
[167/189] 0xb0 6x6 576B
[168/189] 0xa6 6x6 576B
[169/189] 0xad 6x6 576B
[170/189] 0xab 12x6 1152B
[171/189] 0xaf 6x6 576B
[172/189] 0xae 18x12 3456B
[173/189] 0xac 12x6 1152B
[174/189] 0xb6 6x6 576B
[175/189] 0xb5 18x12 3456B
[176/189] 0xb3 12x6 1152B
[177/189] 0xb1 6x6 576B
[178/189] 0xb4 6x12 1152B
[179/189] 0xb2 6x12 1152B
[180/189] 0xbc 4x6 384B
(node:43071) Warning: `--localstorage-file` was provided without a valid path
(Use `node --trace-warnings ...` to show where the warning was created)
[181/189] 0xb9 4x6 384B
[182/189] 0xbb 4x6 384B
[183/189] 0xb7 4x6 384B
(node:43071) Warning: `--localstorage-file` was provided without a valid path
(Use `node --trace-warnings ...` to show where the warning was created)
[184/189] 0xba 4x6 384B
[185/189] 0xb8 18x12 3456B
[186/189] 0xc1 12x6 1152B
(node:43071) Warning: `--localstorage-file` was provided without a valid path
(Use `node --trace-warnings ...` to show where the warning was created)
[187/189] 0xbd 6x6 576B
(node:43071) Warning: `--localstorage-file` was provided without a valid path
(Use `node --trace-warnings ...` to show where the warning was created)
[188/189] 0xc2 6x6 576B
(node:43071) Warning: `--localstorage-file` was provided without a valid path
(Use `node --trace-warnings ...` to show where the warning was created)
[189/189] 0xc0 6x12 1152B

189/189 captured -> /home/joeltco/projects/ff3mmo/tools/monscan/art.json
(node:43071) Warning: `--localstorage-file` was provided without a valid path
(Use `node --trace-warnings ...` to show where the warning was created)
