tilepal: 27 monsters across 6 workers
[1/27] 0xcf 18x12 (WANT 0x0) 111111111111111111111111111111111111111111111111111111111111111111111111111111110011111111111111110011111111111111110011111111111111110011111111111100001100111111111100001100111111111111111100111111111111111100111111
[2/27] 0xcc 18x12 (WANT 0x0) 111111111111111111111111111111111111111111111111111111111111111111111111111111111111111111111111111111111111111111000000111111111111000000111111111111111111111111111111111111111111111111111111111111111111111111111111
[3/27] 0xce 18x12 (WANT 0x0) 111111111111111111111111111111111111111111111111111111111111111111111111111111111111111111111111111111111111111111000011111111111111000011111111111111111111111111111111111111111111111111111111111111111111111111111111
[4/27] 0xd1 18x12 (WANT 0x0) 000000000000000000000000000000000000000011000000000000000011000000000000001111110000000000001111110000000000001111110000000000001111110000000000000000000000000000000000000000000000000000000000000000000000000000000000
[5/27] 0xd0 18x12 (WANT 0x0) 111111111111111111111111111111111111111111111100111111111111111100111111111111000000111111111111000000111111111111000000111111111111000000111111111111111111111111111111111111111111111111111111111111111111111111111111
[6/27] 0xcd 18x12 (WANT 0x0) 111111111111111111111111111111111111111111000000111111111111000000111111111111000000111111111111000000111111111111111111111111111111111111111111111111111111111111111111111111111111111111111111111111111111111111111111
[7/27] 0xd5 18x12 (WANT 0x0) 000000000000000000000000000000000000000000000000000000000000000000000000000000000000000000000000000000000000000000001100000000000000001100000000000000111100000000000000111100000000000000111100000000000000111100000000
[8/27] 0xd7 6x6 (WANT 0x0) 000000000000111100111100110000110000
[9/27] 0xd4 18x12 (WANT 0x0) 111111111111111111111111111111111111111111111111001111111111111111001111111100000000111111111100000000111111111111000000111111111111000000111111111100001111111111111100001111111111111111111111111111111111111111111111
[10/27] 0xd2 6x12 (WANT 0x0) 111100111100110000110000110011110011000011000011111111111111111111111111
[11/27] 0xd6 18x12 (WANT 0x0) 111111000000001111111111000000001111111100000000001111111100000000001111111111111100001111111111111100001111111111001100001111111111001100001111111111001100001111111111001100001111111111111100111111111111111100111111
[12/27] 0xd3 18x12 (WANT 0x0) 111111111111111111111111111111111111111111111111111111111111111111111111111111000011111111111111000011111111111111110011111111111111110011111111111111111111111111111111111111111111111111111111111111111111111111111111
[13/27] 0xd8 6x6 (WANT 0x0) 111100111100001111001111001100001100
[14/27] 0xdb 18x12 (WANT 0x0) 111111111111111111111111111111111111111111111111111111111111111111111111111111000000111111111111000000111111111111000000111111111111000000111111111111111111111111111111111111111111111111111111111111111111111111111111
[15/27] 0xd9 6x12 (WANT 0x0) 111111111111110011110011111100111100111111111111110000110000110000110000
[16/27] 0xdd 18x12 (WANT 0x0) 111111111111111111111111111111111111111111111111111111111111111111111111111111111111111111111111111111111111111111000011111111111111000011111111111111110011111111111111110011111111111111000011111111111111000011111111
[17/27] 0xda 18x12 (WANT 0x0) 111111111111111111111111111111111111111111111111111111111111111111111111111111000000111111111111000000111111111111000000111111111111000000111111111111111111111111111111111111111111111111111111111111111111111111111111
[18/27] 0xdc 18x12 (WANT 0x0) 111111111111111111111111111111111111111111000000111111111111000000111111111111111100111111111111111100111111111111000000111111111111000000111111111111111111111111111111111111111111111111111111111111111111111111111111
[19/27] 0xde 6x12 (WANT 0x0) 110000110000110000110000111111111111001111001111111100111100111111111111
[20/27] 0xe1 18x12 (WANT 0x0) 111111111111111111111111111111111111111111000000111111111111000000111111111111001111111111111111001111111111111111000000111111111111000000111111111111111111111111111111111111111111111111111111111111111111111111111111
(node:47464) Warning: `--localstorage-file` was provided without a valid path
(Use `node --trace-warnings ...` to show where the warning was created)
[21/27] 0xe0 18x12 (WANT 0x0) 111111111111001111111111111111001111111111111111111111111111111111111111110000000000000011110000000000000011111100000000000011111100000000000011111100000000000011111100000000000011111111000000001111111111000000001111
[22/27] 0xe3 6x12 (WANT 0x0) 111111111111110000110000110000110000000000000000110011110011111111111111
(node:47464) Warning: `--localstorage-file` was provided without a valid path
(Use `node --trace-warnings ...` to show where the warning was created)
[23/27] 0xdf 18x12 (WANT 0x0) 111111111111111111111111111111111111111111111111111111111111111111111111111111111100001111111111111100001111111111000011111111111111000011111111111111000011111111111111000011111111111111111111111111111111111111111111
[24/27] 0xe2 12x6 (WANT 0x0) 000000000000000000000000110000110000110000110000110011111111110011111111
(node:47464) Warning: `--localstorage-file` was provided without a valid path
(Use `node --trace-warnings ...` to show where the warning was created)
[25/27] 0xe4 18x12 (WANT 0x0) 111111111111111111111111111111111111111100000000001111111100000000001111111100001100001111111100001100001111111100001100001111111100001100001111111111001100111111111111001100111111111111111111111111111111111111111111
(node:47464) Warning: `--localstorage-file` was provided without a valid path
(Use `node --trace-warnings ...` to show where the warning was created)
[26/27] 0xe6 18x12 (WANT 0x0) 110000001111111111110000001111111111110000000000111111110000000000111111000000000000111111000000000000111111000000000000111111000000000000111111000000000000111111000000000000111111000000000000111111000000000000111111
(node:47464) Warning: `--localstorage-file` was provided without a valid path
(Use `node --trace-warnings ...` to show where the warning was created)
[27/27] 0xe5 18x12 (WANT 0x0) 110000001111111111110000001111111111110000000000111111110000000000111111000000000000111111000000000000111111000000000000111111000000000000111111000000000000111111000000000000111111000000000000111111000000000000111111

27/27 captured, 0 size-matched -> /home/joeltco/projects/ff3mmo/tools/monscan/tilepal.json
(node:47464) Warning: `--localstorage-file` was provided without a valid path
(Use `node --trace-warnings ...` to show where the warning was created)
